$ mkdir learngit
$ cd learngit
$ pwd
/Users/michael/learngit

$ git init
Initialized empty Git repository in /Users/michael/learngit/.git/

$ git add readme.txt

$ git commit -m "wrote a readme file"

$ git status

$ git diff readme.txt 

$ git log

$ git log --pretty=oneline

$ git reset --hard HEAD^

$ git reset --hard 3628164

$ git reflog
ea34578 HEAD@{0}: reset: moving to HEAD^
3628164 HEAD@{1}: commit: append GPL
ea34578 HEAD@{2}: commit: add distributed
cb926e7 HEAD@{3}: commit (initial): wrote a readme file
