$ mkdir learngit
$ cd learngit
$ pwd
/Users/michael/learngit

$ git init
Initialized empty Git repository in /Users/michael/learngit/.git/

$ git add readme.txt

$ git commit -m "wrote a readme file"

$ git status

$ git diff readme.txt 

$ git log

$ git log --pretty=oneline

$ git reset --hard HEAD^

$ git reset --hard 3628164

$ git reflog
ea34578 HEAD@{0}: reset: moving to HEAD^
3628164 HEAD@{1}: commit: append GPL
ea34578 HEAD@{2}: commit: add distributed
cb926e7 HEAD@{3}: commit (initial): wrote a readme file


$ git diff HEAD -- readme.txt 

$ git checkout -- readme.txt

$ git rm test.txt

$ git remote add origin git@github.com:joeytang/learngit.git
$ git push -u origin master
$ git push origin master

gitbash
$ ssh-keygen -t rsa -C "tanghc@163.com"
然后，点“Add SSH Key”，填上任意Title，在Key文本框里粘贴id_rsa.pub文件的内容


$ git clone git@github.com:joeytang/testgit.git


$ git checkout -b dev
Switched to a new branch 'dev'
equals 
$ git branch dev
$ git checkout dev

$ git branch
masterconflict

master11

$ git log --graph --pretty=oneline --abbrev-commit
b1teasdfasdfst123123
b1test111
testbash bug1
teststash123123

$ git stash

git stash apply
git stash drop

git stash pop

